// Vitest Snapshot v1, https://vitest.dev/guide/snapshot.html

exports[`codegen > element > aaa 1`] = `
"const { toDisplayString: _toDisplayString, createElementVNode: _createElementVNode } = vue
return function render(_ctx, _cache){return _createElementVNode('div', null, 'h1,' + _toDisplayString(_ctx.message))}"
`;

exports[`codegen > element 1`] = `
"const { toDisplayString: _toDisplayString, createElementVNode: _createElementVNode } = vue
return function render(_ctx, _cache){return _createElementVNode('div', null, 'h1,' + _toDisplayString(_ctx.message))}"
`;

exports[`codegen > interpolation 1`] = `
"const { toDisplayString: _toDisplayString } = vue
return function render(_ctx, _cache){return _toDisplayString(_ctx.message)}"
`;

exports[`codegen > string 1`] = `
"
return function render(_ctx, _cache){return 'hi'}"
`;

exports[`codegen element 1`] = `
"const { toDisplayString: _toDisplayString, createElementVNode: _createElementVNode } = vue
return function render(_ctx, _cache){return _createElementVNode('div', null, 'h1,' + _toDisplayString(_ctx.message))}"
`;

exports[`codegen interpolation 1`] = `
"const { toDisplayString: _toDisplayString } = vue
return function render(_ctx, _cache){return _toDisplayString(_ctx.message)}"
`;

exports[`codegen string 1`] = `
"
return function render(_ctx, _cache){return 'hi'}"
`;
